###############################################################################
#                                                                             #
# IAR ELF Linker V6.40.2.53884/W32 for ARM              20/Mar/2014  11:32:36 #
# Copyright 2007-2012 IAR Systems AB.                                         #
#                                                                             #
#    Output file  =  C:\Users\sidorov.a\workspace\mdr1986x-std-per-lib\IDE\ia #
#                    r_arm\arm\src\flashloader 1986BE4\Debug\Exe\c.out        #
#    Map file     =  C:\Users\sidorov.a\workspace\mdr1986x-std-per-lib\IDE\ia #
#                    r_arm\arm\src\flashloader 1986BE4\Debug\List\c.map       #
#    Command line =  "C:\Users\sidorov.a\workspace\mdr1986x-std-per-lib\IDE\i #
#                    ar_arm\arm\src\flashloader 1986BE4\Debug\Obj\flash_loade #
#                    r.o" "C:\Users\sidorov.a\workspace\mdr1986x-std-per-lib\ #
#                    IDE\iar_arm\arm\src\flashloader                          #
#                    1986BE4\Debug\Obj\flash_loader_asm.o"                    #
#                    "C:\Users\sidorov.a\workspace\mdr1986x-std-per-lib\IDE\i #
#                    ar_arm\arm\src\flashloader 1986BE4\Debug\Obj\main.o" -o  #
#                    "C:\Users\sidorov.a\workspace\mdr1986x-std-per-lib\IDE\i #
#                    ar_arm\arm\src\flashloader 1986BE4\Debug\Exe\c.out"      #
#                    --redirect _Printf=_PrintfTiny --map                     #
#                    "C:\Users\sidorov.a\workspace\mdr1986x-std-per-lib\IDE\i #
#                    ar_arm\arm\src\flashloader 1986BE4\Debug\List\c.map"     #
#                    --config "C:\Users\sidorov.a\workspace\mdr1986x-std-per- #
#                    lib\IDE\iar_arm\arm\src\flashloader 1986BE4\Flash.icf"   #
#                    --semihosting --entry FlashInitEntry --redirect          #
#                    __iar_sh_stdout=__iar_sh_stdout_swo --vfe                #
#                                                                             #
#                                                                             #
###############################################################################

*******************************************************************************
*** MESSAGES
***

Error[Lp011]: section placement failed: unable to allocate space for
          sections/blocks with a total estimated minimum size of 0x2b4 bytes in
          <[0x00000000-0x00000000]> (total uncommitted space 0x1).
Error[Lp011]: section placement failed: unable to allocate space for
          sections/blocks with a total estimated minimum size of 0x2014 bytes
          in <[0x20001000-0x20001fff]> (total uncommitted space 0x1000).


*******************************************************************************
*** RUNTIME MODEL ATTRIBUTES
***

CppFlavor       = *
__SystemLibrary = DLib


*******************************************************************************
*** PLACEMENT SUMMARY
***

"A1":  place at 0x20000000 { ro section .intvec };
"P1":  place in [from 0x00000000 to 0x00000000] { ro };
"P2":  place in [from 0x20001000 to 0x20001fff] {
          rw, block CSTACK, block SVC_STACK, block IRQ_STACK, block FIQ_STACK,
          block UND_STACK, block ABT_STACK, block HEAP };

  Section   Kind        Address    Size  Object
  -------   ----        -------    ----  ------
"A1":                              0x20
  .intvec   ro code  0x20000000    0x20  flash_loader_asm.o [1]
                   - 0x20000020    0x20

"P1" (*** FAILED ***):            0x2b4
  .text     ro code               0x1d0  main.o [1]
  .text     ro code                0x2e  I32DivMod.o [4]
  .text     ro code                 0x2  IntDivZer.o [4]
  .text     ro code                0x96  flash_loader.o [1]
  .text     ro code                0x18  flash_loader_asm.o [1]
                                  0x2b4

"P2" (*** FAILED ***):           0x2014
  CSTACK                         0x2000  <Block>
    CSTACK  uninit               0x2000  <Block tail>
  .noinit   uninit                 0x14  flash_loader.o [1]
                                 0x2014



*******************************************************************************
*** MODULE SUMMARY
***

    Module              ro code  rw data
    ------              -------  -------
C:\Users\sidorov.a\workspace\mdr1986x-std-per-lib\IDE\iar_arm\arm\src\flashloader 1986BE4\Debug\Obj: [1]
    flash_loader.o          150       20
    flash_loader_asm.o       56
    main.o                  464
    ------------------------------------
    Total:                  670       20

command line: [2]
    ------------------------------------
    Total:

dl6M_tlf.a: [3]
    ------------------------------------
    Total:

rt6M_tl.a: [4]
    I32DivMod.o              46
    IntDivZer.o               2
    ------------------------------------
    Total:                   48

    Gaps                      6
    Linker created                 8 192
----------------------------------------
    Grand Total:            724    8 212


*******************************************************************************
*** ENTRY LIST
***

Entry                    Address  Size  Type      Object
-----                    -------  ----  ----      ------
CSTACK$$Base          0x00000000         --   Gb  - Linker created -
CSTACK$$Limit         0x00002000         --   Gb  - Linker created -
Fl2FlashEraseWriteEntry
                      0x0000023d  0x56  Code  Gb  flash_loader.o [1]
Fl2FlashInitEntry     0x00000205  0x1c  Code  Gb  flash_loader.o [1]
Fl2FlashWriteEntry    0x00000221  0x1c  Code  Gb  flash_loader.o [1]
FlashBreak            0x00000299   0x2  Code  Gb  flash_loader.o [1]
FlashBufferEnd        0x00000000        Data  Gb  flash_loader_asm.o [1]
FlashBufferStart      0x00000000        Data  Gb  flash_loader_asm.o [1]
FlashErase            0x000000dd  0xc0  Code  Gb  main.o [1]
FlashEraseWriteEntry  0x000002ad        Code  Gb  flash_loader_asm.o [1]
FlashInit             0x00000001   0xc  Code  Gb  main.o [1]
FlashInitEntry        0x0000029d        Code  Gb  flash_loader_asm.o [1]
FlashWrite            0x0000000d  0xd0  Code  Gb  main.o [1]
FlashWriteEntry       0x000002a5        Code  Gb  flash_loader_asm.o [1]
Region$$Table$$Base   0x00000000         --   Gb  - Linker created -
Region$$Table$$Limit  0x00000000         --   Gb  - Linker created -
__aeabi_idiv0         0x00000201        Code  Gb  IntDivZer.o [4]
__aeabi_uidiv         0x000001d1        Code  Gb  I32DivMod.o [4]
__aeabi_uidivmod      0x000001d1        Code  Gb  I32DivMod.o [4]
__vector_table        0x20000000        Data  Gb  flash_loader_asm.o [1]
theFlashParams        0x00002000  0x14  Data  Gb  flash_loader.o [1]


[1] = C:\Users\sidorov.a\workspace\mdr1986x-std-per-lib\IDE\iar_arm\arm\src\flashloader 1986BE4\Debug\Obj
[2] = command line
[3] = dl6M_tlf.a
[4] = rt6M_tl.a
[5] = shb_l.a

    724 bytes of readonly  code memory
  8 212 bytes of readwrite data memory

Errors: 2
Warnings: none
